2026-08-10 20:22:09 | INFO     | ============================================================
2026-08-10 20:22:09 | INFO     | ZEMmacOS Application Started
2026-08-10 20:22:09 | INFO     | Log file: D:\ZEMmacOS\logs\ZEMmacOS_2026-08-10_20-22-09.log
2026-08-10 20:22:09 | INFO     | ============================================================
2026-08-10 20:22:09 | INFO     | [SDK] Initializing license engine
2026-08-10 20:22:09 | INFO     | [UI] UI locked
2026-08-10 20:22:10 | INFO     | [SDK] Opening Universal License Center
2026-08-10 20:22:10 | INFO     | [SDK] ulc.opened
2026-08-10 20:22:10 | INFO     | [SDK] [SDK] [INFO] Using pre-initialised status: no_license
2026-08-10 20:22:10 | INFO     | [SDK] Using pre-initialised status: no_license
2026-08-10 20:22:10 | INFO     | [SDK] ULC using status
2026-08-10 20:22:10 | INFO     | [SDK] [SDK] [INFO] Opening Universal License Center
2026-08-10 20:22:10 | INFO     | [SDK] Opening Universal License Center
2026-08-10 20:22:10 | INFO     | [SDK] Opening Universal License Center
2026-08-10 20:22:10 | INFO     | [SDK] Opening Universal License Center
2026-08-10 20:22:17 | INFO     | [SDK] Activation started
2026-08-10 20:23:08 | INFO     | [SDK] Activation started
2026-08-10 20:23:09 | INFO     | [SDK] Opening buy portal
2026-08-10 20:23:32 | INFO     | [SDK] Opening sales enquiry
2026-08-10 20:23:40 | INFO     | [SDK] Opening support request
2026-08-10 20:24:35 | INFO     | [SDK] Sending support request
2026-08-10 20:24:36 | INFO     | [SDK] support request sent
