2026-08-18 15:05:28 | INFO     | ============================================================
2026-08-18 15:05:28 | INFO     | ZEMmacOS Application Started
2026-08-18 15:05:28 | INFO     | Log file: D:\ZEMmacOS\logs\ZEMmacOS_2026-08-18_15-05-28.log
2026-08-18 15:05:28 | INFO     | ============================================================
2026-08-18 15:05:28 | INFO     | [SDK] Initializing license engine
2026-08-18 15:05:28 | INFO     | [UI] UI locked
2026-08-18 15:05:29 | INFO     | [SDK] Opening Universal License Center
2026-08-18 15:05:29 | INFO     | [SDK] ulc.opened
2026-08-18 15:05:29 | INFO     | [SDK] [SDK] [INFO] Using pre-initialised status: no_license
2026-08-18 15:05:29 | INFO     | [SDK] Using pre-initialised status: no_license
2026-08-18 15:05:29 | INFO     | [SDK] ULC using status
2026-08-18 15:05:29 | INFO     | [SDK] [SDK] [INFO] Opening Universal License Center
2026-08-18 15:05:29 | INFO     | [SDK] Opening Universal License Center
2026-08-18 15:05:29 | INFO     | [SDK] Opening Universal License Center
2026-08-18 15:05:29 | INFO     | [SDK] Opening Universal License Center
2026-08-18 15:05:31 | INFO     | [SDK] Opening sales enquiry
2026-08-18 15:06:01 | INFO     | [SDK] Sending sales request
2026-08-18 15:06:03 | INFO     | [SDK] [ATTACHMENT] [WARNING] Attachment API Tables.txt upload failed
2026-08-18 15:06:03 | INFO     | [SDK] [ATTACHMENT] [WARNING] Attachment API Tables.txt upload failed
2026-08-18 15:06:03 | WARNING  | [ATTACHMENT] Attachment API Tables.txt upload failed
2026-08-18 15:06:03 | INFO     | [SDK] sales request sent
2026-08-18 15:06:06 | INFO     | [SDK] Opening support request
2026-08-18 15:06:34 | INFO     | [SDK] Sending support request
2026-08-18 15:06:36 | INFO     | [SDK] [ATTACHMENT] [WARNING] Attachment API.txt upload failed
2026-08-18 15:06:36 | INFO     | [SDK] [ATTACHMENT] [WARNING] Attachment API.txt upload failed
2026-08-18 15:06:36 | WARNING  | [ATTACHMENT] Attachment API.txt upload failed
2026-08-18 15:06:36 | INFO     | [SDK] support request sent
2026-08-18 15:07:04 | INFO     | [SDK] ULC closed
2026-08-18 15:07:04 | WARNING  | [SDK] ULC closed without resolving license — exiting
2026-08-18 15:07:04 | ERROR    | License flow incomplete — shutting down
2026-08-18 15:07:04 | INFO     | Logger stopped
