2026-08-14 11:13:04 | INFO     | ============================================================
2026-08-14 11:13:04 | INFO     | ZEMmacOS Application Started
2026-08-14 11:13:04 | INFO     | Log file: D:\ZEMmacOS\logs\ZEMmacOS_2026-08-14_11-13-04.log
2026-08-14 11:13:04 | INFO     | ============================================================
2026-08-14 11:13:04 | INFO     | [SDK] Initializing license engine
2026-08-14 11:13:04 | INFO     | [UI] UI locked
2026-08-14 11:13:09 | INFO     | [SDK] Opening Universal License Center
2026-08-14 11:13:09 | INFO     | [SDK] ulc.opened
2026-08-14 11:13:09 | INFO     | [SDK] [SDK] [INFO] Using pre-initialised status: no_license
2026-08-14 11:13:09 | INFO     | [SDK] Using pre-initialised status: no_license
2026-08-14 11:13:09 | INFO     | [SDK] ULC using status
2026-08-14 11:13:09 | INFO     | [SDK] [SDK] [INFO] Opening Universal License Center
2026-08-14 11:13:09 | INFO     | [SDK] Opening Universal License Center
2026-08-14 11:13:09 | INFO     | [SDK] Opening Universal License Center
2026-08-14 11:13:09 | INFO     | [SDK] Opening Universal License Center
2026-08-14 11:13:12 | INFO     | [SDK] Opening support request
2026-08-14 11:16:02 | INFO     | [SDK] Sending support request
2026-08-14 11:16:04 | INFO     | [SDK] support request sent
2026-08-14 11:16:08 | INFO     | [SDK] ULC closed
2026-08-14 11:16:08 | WARNING  | [SDK] ULC closed without resolving license — exiting
2026-08-14 11:16:08 | ERROR    | License flow incomplete — shutting down
2026-08-14 11:16:08 | INFO     | Logger stopped
