2026-08-09 11:11:03 | INFO     | ============================================================
2026-08-09 11:11:03 | INFO     | ZEMmacOS Application Started
2026-08-09 11:11:03 | INFO     | Log file: D:\ZEMmacOS\logs\ZEMmacOS_2026-08-09_11-11-03.log
2026-08-09 11:11:03 | INFO     | ============================================================
2026-08-09 11:11:03 | INFO     | [SDK] Initializing license engine
2026-08-09 11:11:03 | INFO     | [UI] UI locked
2026-08-09 11:11:04 | INFO     | ✓ [STARTUP] License valid — building main application
2026-08-09 11:11:04 | INFO     | [STARTUP] Building UI
2026-08-09 11:11:05 | INFO     | [STARTUP] UI built, dashboard shown
2026-08-09 11:11:05 | INFO     | ✓ [UI] UI unlocked
2026-08-09 11:11:05 | INFO     | ✓ [APP] Application unlocked
2026-08-09 11:11:06 | INFO     | Auto-fetching catalogue...
2026-08-09 11:11:06 | INFO     | ============================================================
2026-08-09 11:11:06 | INFO     | FETCHING macOS CATALOGUE FROM APPLE
2026-08-09 11:11:06 | INFO     | ============================================================
2026-08-09 11:11:06 | INFO     | Initializing gibMacOS...
2026-08-09 11:11:06 | INFO     | Using catalog: publicrelease
2026-08-09 11:11:06 | INFO     | Max macOS version: 25
2026-08-09 11:11:06 | INFO     | Fetching catalog from Apple...
2026-08-09 11:11:07 | INFO     | ✓ Found 43 macOS versions
2026-08-09 11:11:07 | INFO     |  
2026-08-09 11:11:07 | INFO     | ============================================================
2026-08-09 11:11:07 | INFO     | ✓ CATALOGUE FETCH COMPLETED - Found 43 versions
2026-08-09 11:11:07 | INFO     | ============================================================
2026-08-09 11:11:07 | INFO     |  
2026-08-09 11:11:07 | INFO     | INSTRUCTIONS:
2026-08-09 11:11:07 | INFO     | 1. Find the number next to the macOS version you want
2026-08-09 11:11:07 | INFO     | 2. Enter that number in the input box above
2026-08-09 11:11:07 | INFO     | 3. Press ENTER or click DOWNLOAD SELECTED to start downloading
2026-08-09 11:11:07 | INFO     |  
2026-08-09 11:11:07 | WARNING  | NOTE: Each macOS version contains MULTIPLE packages (5GB-12GB total)
2026-08-09 11:11:07 | INFO     | The downloader will download ALL packages sequentially.
2026-08-09 11:11:09 | WARNING  | Deleting ALL log files...
2026-08-09 11:11:09 | INFO     | ✓ Deleted 7 log file(s)
2026-08-09 11:11:11 | INFO     | Cleaning temporary files...
2026-08-09 11:11:11 | INFO     | Removed: .\py\__pycache__
2026-08-09 11:11:11 | INFO     | Removed: .\Scripts\__pycache__
2026-08-09 11:11:11 | INFO     | Removed: .\WSD_SDKToolkit_ZEMMACOS\__pycache__
2026-08-09 11:11:11 | INFO     | Removed 3 __pycache__ folder(s)
2026-08-09 11:11:11 | INFO     | Removed 0 .pyc/.pyo file(s)
2026-08-09 11:11:11 | INFO     | ✓ Cleanup complete (3 items)
2026-08-09 11:21:05 | INFO     | Application shutting down...
2026-08-09 11:21:05 | INFO     | Logger stopped
