ZEMmacOS Live Log - Started 2026-08-10T23:56:01.149038
================================================================================
[2026-08-10 23:56:01] [STARTUP   ] [INFO   ] LiveLog system initialized
[2026-08-10 23:56:01] [STARTUP   ] [INFO   ] Log file: D:\ZEMmacOS\logs\ZEMmacOS_live_2026-08-10_23-56-01.log
[2026-08-10 23:56:01] [STARTUP   ] [INFO   ] Application started
[2026-08-10 23:56:01] [STARTUP   ] [INFO   ] Configuration loaded
[2026-08-10 23:56:01] [STARTUP   ] [INFO   ] Theme loaded
[2026-08-10 23:56:01] [STARTUP   ] [INFO   ] Starting SDK initialization sequence
[2026-08-10 23:56:01] [SDK       ] [INFO   ] Initializing license engine
[2026-08-10 23:56:01] [UI        ] [INFO   ] UI locked
[2026-08-10 23:56:01] [SDK       ] [INFO   ] Loading SDK config
[2026-08-10 23:56:01] [SDK       ] [INFO   ] Detecting hardware
[2026-08-10 23:56:01] [SDK       ] [INFO   ] Running decision engine
[2026-08-10 23:56:02] [SDK       ] [INFO   ] Decision engine result: no_license
[2026-08-10 23:56:02] [SDK       ] [INFO   ] State: no_license — showing Universal License Center
[2026-08-10 23:56:02] [SDK       ] [INFO   ] Opening Universal License Center
[2026-08-10 23:56:02] [SDK       ] [INFO   ] ulc.opened | Universal License Center opened.
[2026-08-10 23:56:02] [SDK       ] [INFO   ] [SDK] [INFO] Using pre-initialised status: no_license
[2026-08-10 23:56:02] [SDK       ] [INFO   ] Using pre-initialised status: no_license
[2026-08-10 23:56:02] [SDK       ] [INFO   ] ULC using status | Status: no_license
[2026-08-10 23:56:02] [SDK       ] [INFO   ] [SDK] [INFO] Opening Universal License Center | Status: no_license, trial_consumed=False
[2026-08-10 23:56:02] [SDK       ] [INFO   ] Opening Universal License Center | Status: no_license, trial_consumed=False
[2026-08-10 23:56:02] [SDK       ] [INFO   ] Opening Universal License Center | Status: no_license, trial_consumed=False
[2026-08-10 23:56:02] [SDK       ] [INFO   ] Opening Universal License Center | Status: no_license, trial_consumed=False
[2026-08-10 23:56:12] [SDK       ] [INFO   ] Activation started | Opening pre-activation dialog
[2026-08-10 23:56:23] [SDK       ] [INFO   ] Opening support request | Showing support dialog
[2026-08-10 23:57:06] [SDK       ] [INFO   ] Sending support request | Category: support
[2026-08-10 23:57:07] [SDK       ] [INFO   ] support request sent | Conversation: CONV-MSNKCSVS-I8ZJ
[2026-08-10 23:57:10] [SDK       ] [INFO   ] ULC closed | Application locked - exiting process
[2026-08-10 23:57:10] [SDK       ] [WARNING] ULC closed without resolving license — exiting
[2026-08-10 23:57:10] [STARTUP   ] [WARNING] Application shutdown due to incomplete license flow
[2026-08-10 23:57:10] [STARTUP   ] [INFO   ] LiveLog system stopped
