ZEMmacOS Live Log - Started 2026-08-10T20:22:09.051872
================================================================================
[2026-08-10 20:22:09] [STARTUP   ] [INFO   ] LiveLog system initialized
[2026-08-10 20:22:09] [STARTUP   ] [INFO   ] Log file: D:\ZEMmacOS\logs\ZEMmacOS_live_2026-08-10_20-22-09.log
[2026-08-10 20:22:09] [STARTUP   ] [INFO   ] Application started
[2026-08-10 20:22:09] [STARTUP   ] [INFO   ] Configuration loaded
[2026-08-10 20:22:09] [STARTUP   ] [INFO   ] Theme loaded
[2026-08-10 20:22:09] [STARTUP   ] [INFO   ] Starting SDK initialization sequence
[2026-08-10 20:22:09] [SDK       ] [INFO   ] Initializing license engine
[2026-08-10 20:22:09] [UI        ] [INFO   ] UI locked
[2026-08-10 20:22:09] [SDK       ] [INFO   ] Loading SDK config
[2026-08-10 20:22:09] [SDK       ] [INFO   ] Detecting hardware
[2026-08-10 20:22:09] [SDK       ] [INFO   ] Running decision engine
[2026-08-10 20:22:10] [SDK       ] [INFO   ] Decision engine result: no_license
[2026-08-10 20:22:10] [SDK       ] [INFO   ] State: no_license — showing Universal License Center
[2026-08-10 20:22:10] [SDK       ] [INFO   ] Opening Universal License Center
[2026-08-10 20:22:10] [SDK       ] [INFO   ] ulc.opened | Universal License Center opened.
[2026-08-10 20:22:10] [SDK       ] [INFO   ] [SDK] [INFO] Using pre-initialised status: no_license
[2026-08-10 20:22:10] [SDK       ] [INFO   ] Using pre-initialised status: no_license
[2026-08-10 20:22:10] [SDK       ] [INFO   ] ULC using status | Status: no_license
[2026-08-10 20:22:10] [SDK       ] [INFO   ] [SDK] [INFO] Opening Universal License Center | Status: no_license, trial_consumed=False
[2026-08-10 20:22:10] [SDK       ] [INFO   ] Opening Universal License Center | Status: no_license, trial_consumed=False
[2026-08-10 20:22:10] [SDK       ] [INFO   ] Opening Universal License Center | Status: no_license, trial_consumed=False
[2026-08-10 20:22:10] [SDK       ] [INFO   ] Opening Universal License Center | Status: no_license, trial_consumed=False
[2026-08-10 20:22:17] [SDK       ] [INFO   ] Activation started | Opening pre-activation dialog
[2026-08-10 20:23:08] [SDK       ] [INFO   ] Activation started | Opening pre-activation dialog
[2026-08-10 20:23:09] [SDK       ] [INFO   ] Opening buy portal | https://www.websmithdigital.com/internal/api/buy
[2026-08-10 20:23:32] [SDK       ] [INFO   ] Opening sales enquiry | Showing sales dialog
[2026-08-10 20:23:40] [SDK       ] [INFO   ] Opening support request | Showing support dialog
[2026-08-10 20:24:35] [SDK       ] [INFO   ] Sending support request | Category: support
[2026-08-10 20:24:36] [SDK       ] [INFO   ] support request sent | Conversation: CONV-MSNCRI77-ICDP
