ZEMmacOS Live Log - Started 2026-08-14T11:13:04.662174
================================================================================
[2026-08-14 11:13:04] [STARTUP   ] [INFO   ] LiveLog system initialized
[2026-08-14 11:13:04] [STARTUP   ] [INFO   ] Log file: D:\ZEMmacOS\logs\ZEMmacOS_live_2026-08-14_11-13-04.log
[2026-08-14 11:13:04] [STARTUP   ] [INFO   ] Application started
[2026-08-14 11:13:04] [STARTUP   ] [INFO   ] Configuration loaded
[2026-08-14 11:13:04] [STARTUP   ] [INFO   ] Theme loaded
[2026-08-14 11:13:04] [STARTUP   ] [INFO   ] Starting SDK initialization sequence
[2026-08-14 11:13:04] [SDK       ] [INFO   ] Initializing license engine
[2026-08-14 11:13:04] [UI        ] [INFO   ] UI locked
[2026-08-14 11:13:04] [SDK       ] [INFO   ] Loading SDK config
[2026-08-14 11:13:05] [SDK       ] [INFO   ] Detecting hardware
[2026-08-14 11:13:05] [SDK       ] [INFO   ] Running decision engine
[2026-08-14 11:13:09] [SDK       ] [INFO   ] Decision engine result: no_license
[2026-08-14 11:13:09] [SDK       ] [INFO   ] State: no_license — showing Universal License Center
[2026-08-14 11:13:09] [SDK       ] [INFO   ] Opening Universal License Center
[2026-08-14 11:13:09] [SDK       ] [INFO   ] ulc.opened | Universal License Center opened.
[2026-08-14 11:13:09] [SDK       ] [INFO   ] [SDK] [INFO] Using pre-initialised status: no_license
[2026-08-14 11:13:09] [SDK       ] [INFO   ] Using pre-initialised status: no_license
[2026-08-14 11:13:09] [SDK       ] [INFO   ] ULC using status | Status: no_license
[2026-08-14 11:13:09] [SDK       ] [INFO   ] [SDK] [INFO] Opening Universal License Center | Status: no_license, trial_consumed=False
[2026-08-14 11:13:09] [SDK       ] [INFO   ] Opening Universal License Center | Status: no_license, trial_consumed=False
[2026-08-14 11:13:09] [SDK       ] [INFO   ] Opening Universal License Center | Status: no_license, trial_consumed=False
[2026-08-14 11:13:09] [SDK       ] [INFO   ] Opening Universal License Center | Status: no_license, trial_consumed=False
[2026-08-14 11:13:12] [SDK       ] [INFO   ] Opening support request | Showing support dialog
[2026-08-14 11:16:02] [SDK       ] [INFO   ] Sending support request | Category: support
[2026-08-14 11:16:04] [SDK       ] [INFO   ] support request sent | Conversation: CONV-MSSIXFKQ-EGHU
[2026-08-14 11:16:08] [SDK       ] [INFO   ] ULC closed | Application locked - exiting process
[2026-08-14 11:16:08] [SDK       ] [WARNING] ULC closed without resolving license — exiting
[2026-08-14 11:16:08] [STARTUP   ] [WARNING] Application shutdown due to incomplete license flow
[2026-08-14 11:16:08] [STARTUP   ] [INFO   ] LiveLog system stopped
