ZEMmacOS Live Log - Started 2026-08-09T12:11:03.119374
================================================================================
[2026-08-09 12:11:03] [STARTUP   ] [INFO   ] LiveLog system initialized
[2026-08-09 12:11:03] [STARTUP   ] [INFO   ] Log file: D:\ZEMmacOS\logs\ZEMmacOS_live_2026-08-09_12-11-03.log
[2026-08-09 12:11:03] [STARTUP   ] [INFO   ] Application started
[2026-08-09 12:11:03] [STARTUP   ] [INFO   ] Configuration loaded
[2026-08-09 12:11:03] [STARTUP   ] [INFO   ] Theme loaded
[2026-08-09 12:11:03] [STARTUP   ] [INFO   ] Starting SDK initialization sequence
[2026-08-09 12:11:03] [SDK       ] [INFO   ] Initializing license engine
[2026-08-09 12:11:03] [UI        ] [INFO   ] UI locked
[2026-08-09 12:11:03] [SDK       ] [INFO   ] Loading SDK config
[2026-08-09 12:11:03] [SDK       ] [INFO   ] Detecting hardware
[2026-08-09 12:11:03] [SDK       ] [INFO   ] Running decision engine
[2026-08-09 12:11:04] [SDK       ] [INFO   ] Decision engine result: licensed
[2026-08-09 12:11:04] [SDK       ] [SUCCESS] Valid licensed — launching main application
[2026-08-09 12:11:04] [STARTUP   ] [SUCCESS] License valid — building main application
[2026-08-09 12:11:04] [STARTUP   ] [INFO   ] Building UI
[2026-08-09 12:11:05] [STARTUP   ] [INFO   ] UI built, dashboard shown
[2026-08-09 12:11:05] [UI        ] [SUCCESS] UI unlocked
[2026-08-09 12:11:05] [APP       ] [SUCCESS] Application unlocked
[2026-08-09 12:11:07] [STARTUP   ] [INFO   ] Application shutting down
[2026-08-09 12:11:07] [STARTUP   ] [INFO   ] LiveLog system stopped
