ZEMmacOS Live Log - Started 2026-08-08T17:31:03.734271
================================================================================
[2026-08-08 17:31:03] [STARTUP   ] [INFO   ] LiveLog system initialized
[2026-08-08 17:31:03] [STARTUP   ] [INFO   ] Log file: D:\ZEMmacOS\logs\ZEMmacOS_live_2026-08-08_17-31-03.log
[2026-08-08 17:31:03] [STARTUP   ] [INFO   ] Application started
[2026-08-08 17:31:03] [STARTUP   ] [INFO   ] Configuration loaded
[2026-08-08 17:31:03] [STARTUP   ] [INFO   ] Theme loaded
[2026-08-08 17:31:03] [STARTUP   ] [INFO   ] Starting SDK initialization sequence
[2026-08-08 17:31:03] [SDK       ] [INFO   ] Initializing license engine
[2026-08-08 17:31:03] [UI        ] [INFO   ] UI locked
[2026-08-08 17:31:03] [SDK       ] [INFO   ] Loading SDK config
[2026-08-08 17:31:04] [SDK       ] [INFO   ] Detecting hardware
[2026-08-08 17:31:04] [SDK       ] [INFO   ] Running decision engine
[2026-08-08 17:31:05] [SDK       ] [INFO   ] Decision engine result: trial
[2026-08-08 17:31:05] [SDK       ] [SUCCESS] Valid trial — launching main application
[2026-08-08 17:31:05] [STARTUP   ] [SUCCESS] License valid — building main application
[2026-08-08 17:31:05] [STARTUP   ] [INFO   ] Building UI
[2026-08-08 17:31:05] [STARTUP   ] [INFO   ] UI built, dashboard shown
[2026-08-08 17:31:05] [UI        ] [SUCCESS] UI unlocked
[2026-08-08 17:31:05] [APP       ] [SUCCESS] Application unlocked
[2026-08-08 17:31:07] [ACTIVATION] [INFO   ] Opening Universal License Center for activation
[2026-08-08 17:31:07] [SDK       ] [INFO   ] ulc.opened | Universal License Center opened.
[2026-08-08 17:31:07] [SDK       ] [INFO   ] [SDK] [INFO] Using pre-initialised status: trial
[2026-08-08 17:31:07] [SDK       ] [INFO   ] Using pre-initialised status: trial
[2026-08-08 17:31:07] [SDK       ] [INFO   ] ULC using status | Status: trial
[2026-08-08 17:31:07] [SDK       ] [INFO   ] [SDK] [INFO] Opening Universal License Center | Status: trial, trial_consumed=False
[2026-08-08 17:31:07] [SDK       ] [INFO   ] Opening Universal License Center | Status: trial, trial_consumed=False
[2026-08-08 17:31:07] [SDK       ] [INFO   ] Opening Universal License Center | Status: trial, trial_consumed=False
[2026-08-08 17:31:07] [SDK       ] [INFO   ] Opening Universal License Center | Status: trial, trial_consumed=False
[2026-08-08 17:31:08] [SDK       ] [INFO   ] Activation started | Opening pre-activation dialog
[2026-08-08 17:31:15] [STARTUP   ] [INFO   ] Application shutting down
[2026-08-08 17:31:15] [STARTUP   ] [INFO   ] LiveLog system stopped
