2026-08-18 13:29:59 | INFO     | ============================================================
2026-08-18 13:29:59 | INFO     | ZEMmacOS Application Started
2026-08-18 13:29:59 | INFO     | Log file: D:\ZEMmacOS\logs\ZEMmacOS_2026-08-18_13-29-59.log
2026-08-18 13:29:59 | INFO     | ============================================================
2026-08-18 13:29:59 | INFO     | [SDK] Initializing license engine
2026-08-18 13:29:59 | INFO     | [UI] UI locked
2026-08-18 13:30:04 | INFO     | [SDK] Opening Universal License Center
2026-08-18 13:30:04 | INFO     | [SDK] ulc.opened
2026-08-18 13:30:04 | INFO     | [SDK] [SDK] [INFO] Using pre-initialised status: no_license
2026-08-18 13:30:04 | INFO     | [SDK] Using pre-initialised status: no_license
2026-08-18 13:30:04 | INFO     | [SDK] ULC using status
2026-08-18 13:30:04 | INFO     | [SDK] [SDK] [INFO] Opening Universal License Center
2026-08-18 13:30:04 | INFO     | [SDK] Opening Universal License Center
2026-08-18 13:30:04 | INFO     | [SDK] Opening Universal License Center
2026-08-18 13:30:04 | INFO     | [SDK] Opening Universal License Center
2026-08-18 13:30:06 | INFO     | [SDK] Opening sales enquiry
2026-08-18 13:30:58 | INFO     | [SDK] Sending sales request
2026-08-18 13:31:01 | INFO     | [SDK] sales request sent
2026-08-18 13:31:04 | INFO     | [SDK] ULC closed
2026-08-18 13:31:04 | WARNING  | [SDK] ULC closed without resolving license — exiting
2026-08-18 13:31:04 | ERROR    | License flow incomplete — shutting down
