2026-08-18 15:38:51 | INFO     | ============================================================
2026-08-18 15:38:51 | INFO     | ZEMmacOS Application Started
2026-08-18 15:38:51 | INFO     | Log file: D:\ZEMmacOS\logs\ZEMmacOS_2026-08-18_15-38-51.log
2026-08-18 15:38:51 | INFO     | ============================================================
2026-08-18 15:38:51 | INFO     | [SDK] Initializing license engine
2026-08-18 15:38:51 | INFO     | [UI] UI locked
2026-08-18 15:38:53 | INFO     | ✓ [STARTUP] License valid — building main application
2026-08-18 15:38:53 | INFO     | [STARTUP] Building UI
2026-08-18 15:38:53 | INFO     | [STARTUP] UI built, dashboard shown
2026-08-18 15:38:53 | INFO     | ✓ [UI] UI unlocked
2026-08-18 15:38:53 | INFO     | ✓ [APP] Application unlocked
2026-08-18 15:38:54 | INFO     | Auto-fetching catalogue...
2026-08-18 15:38:54 | INFO     | ============================================================
2026-08-18 15:38:54 | INFO     | FETCHING macOS CATALOGUE FROM APPLE
2026-08-18 15:38:54 | INFO     | ============================================================
2026-08-18 15:38:54 | INFO     | Initializing gibMacOS...
2026-08-18 15:38:54 | INFO     | Using catalog: publicrelease
2026-08-18 15:38:54 | INFO     | Max macOS version: 25
2026-08-18 15:38:54 | INFO     | Fetching catalog from Apple...
2026-08-18 15:38:55 | INFO     | ✓ Found 44 macOS versions
2026-08-18 15:38:55 | INFO     |  
2026-08-18 15:38:55 | INFO     | ============================================================
2026-08-18 15:38:55 | INFO     | ✓ CATALOGUE FETCH COMPLETED - Found 44 versions
2026-08-18 15:38:55 | INFO     | ============================================================
2026-08-18 15:38:55 | INFO     |  
2026-08-18 15:38:55 | INFO     | INSTRUCTIONS:
2026-08-18 15:38:55 | INFO     | 1. Find the number next to the macOS version you want
2026-08-18 15:38:55 | INFO     | 2. Enter that number in the input box above
2026-08-18 15:38:55 | INFO     | 3. Press ENTER or click DOWNLOAD SELECTED to start downloading
2026-08-18 15:38:55 | INFO     |  
2026-08-18 15:38:55 | WARNING  | NOTE: Each macOS version contains MULTIPLE packages (5GB-12GB total)
2026-08-18 15:38:55 | INFO     | The downloader will download ALL packages sequentially.
2026-08-18 15:38:56 | INFO     | Cleaning temporary files...
2026-08-18 15:38:57 | INFO     | Removed: .\py\__pycache__
2026-08-18 15:38:57 | INFO     | Removed: .\Scripts\__pycache__
2026-08-18 15:38:57 | INFO     | Removed: .\WSD_SDKToolkit_ZEMMACOS\__pycache__
2026-08-18 15:38:57 | INFO     | Removed 3 __pycache__ folder(s)
2026-08-18 15:38:57 | INFO     | Removed 0 .pyc/.pyo file(s)
2026-08-18 15:38:57 | INFO     | ✓ Cleanup complete (3 items)
2026-08-18 15:38:59 | WARNING  | Deleting ALL log files...
2026-08-18 15:38:59 | INFO     | ✓ Deleted 10 log file(s)
2026-08-18 15:39:02 | INFO     | Application shutting down...
2026-08-18 15:39:02 | INFO     | Logger stopped
