2026-08-14 08:46:55 | INFO     | ============================================================
2026-08-14 08:46:55 | INFO     | ZEMmacOS Application Started
2026-08-14 08:46:55 | INFO     | Log file: D:\ZEMmacOS\logs\ZEMmacOS_2026-08-14_08-46-55.log
2026-08-14 08:46:55 | INFO     | ============================================================
2026-08-14 08:46:55 | INFO     | [SDK] Initializing license engine
2026-08-14 08:46:55 | INFO     | [UI] UI locked
2026-08-14 08:47:06 | INFO     | [SDK] Opening Universal License Center
2026-08-14 08:47:06 | INFO     | [SDK] ulc.opened
2026-08-14 08:47:06 | INFO     | [SDK] [SDK] [INFO] Using pre-initialised status: no_license
2026-08-14 08:47:06 | INFO     | [SDK] Using pre-initialised status: no_license
2026-08-14 08:47:06 | INFO     | [SDK] ULC using status
2026-08-14 08:47:06 | INFO     | [SDK] [SDK] [INFO] Opening Universal License Center
2026-08-14 08:47:06 | INFO     | [SDK] Opening Universal License Center
2026-08-14 08:47:06 | INFO     | [SDK] Opening Universal License Center
2026-08-14 08:47:06 | INFO     | [SDK] Opening Universal License Center
2026-08-14 08:47:08 | INFO     | [SDK] Activation started
2026-08-14 08:47:15 | INFO     | [SDK] Opening sales enquiry
2026-08-14 08:47:58 | INFO     | [SDK] ULC closed
2026-08-14 08:47:58 | WARNING  | [SDK] ULC closed without resolving license — exiting
2026-08-14 08:47:58 | ERROR    | License flow incomplete — shutting down
2026-08-14 08:47:58 | INFO     | Logger stopped
