ZEMmacOS Live Log - Started 2026-08-18T14:57:20.381249
================================================================================
[2026-08-18 14:57:20] [STARTUP   ] [INFO   ] LiveLog system initialized
[2026-08-18 14:57:20] [STARTUP   ] [INFO   ] Log file: D:\ZEMmacOS\logs\ZEMmacOS_live_2026-08-18_14-57-20.log
[2026-08-18 14:57:20] [STARTUP   ] [INFO   ] Application started
[2026-08-18 14:57:20] [STARTUP   ] [INFO   ] Configuration loaded
[2026-08-18 14:57:20] [STARTUP   ] [INFO   ] Theme loaded
[2026-08-18 14:57:20] [STARTUP   ] [INFO   ] Starting SDK initialization sequence
[2026-08-18 14:57:20] [SDK       ] [INFO   ] Initializing license engine
[2026-08-18 14:57:20] [UI        ] [INFO   ] UI locked
[2026-08-18 14:57:20] [SDK       ] [INFO   ] Loading SDK config
[2026-08-18 14:57:20] [SDK       ] [INFO   ] Detecting hardware
[2026-08-18 14:57:20] [SDK       ] [INFO   ] Running decision engine
[2026-08-18 14:57:22] [SDK       ] [INFO   ] Decision engine result: no_license
[2026-08-18 14:57:22] [SDK       ] [INFO   ] State: no_license — showing Universal License Center
[2026-08-18 14:57:22] [SDK       ] [INFO   ] Opening Universal License Center
[2026-08-18 14:57:22] [SDK       ] [INFO   ] ulc.opened | Universal License Center opened.
[2026-08-18 14:57:22] [SDK       ] [INFO   ] [SDK] [INFO] Using pre-initialised status: no_license
[2026-08-18 14:57:22] [SDK       ] [INFO   ] Using pre-initialised status: no_license
[2026-08-18 14:57:22] [SDK       ] [INFO   ] ULC using status | Status: no_license
[2026-08-18 14:57:22] [SDK       ] [INFO   ] [SDK] [INFO] Opening Universal License Center | Status: no_license, trial_consumed=False
[2026-08-18 14:57:22] [SDK       ] [INFO   ] Opening Universal License Center | Status: no_license, trial_consumed=False
[2026-08-18 14:57:22] [SDK       ] [INFO   ] Opening Universal License Center | Status: no_license, trial_consumed=False
[2026-08-18 14:57:22] [SDK       ] [INFO   ] Opening Universal License Center | Status: no_license, trial_consumed=False
[2026-08-18 14:57:26] [SDK       ] [INFO   ] trial.flow.start | Starting the free trial...
[2026-08-18 14:57:26] [SDK       ] [INFO   ] Opening Welcome Dialog
[2026-08-18 14:57:26] [SDK       ] [INFO   ] [WELCOME] [INFO] Opening Welcome Dialog
[2026-08-18 14:57:26] [WELCOME   ] [INFO   ] Opening Welcome Dialog
[2026-08-18 14:57:29] [SDK       ] [INFO   ] trial.flow.closed | Welcome dialog closed
[2026-08-18 14:57:29] [SDK       ] [INFO   ] ULC closed | Application locked - exiting process
[2026-08-18 14:57:29] [SDK       ] [WARNING] ULC closed without resolving license — exiting
[2026-08-18 14:57:29] [STARTUP   ] [WARNING] Application shutdown due to incomplete license flow
[2026-08-18 14:57:29] [STARTUP   ] [INFO   ] LiveLog system stopped
