ZEMmacOS Live Log - Started 2026-08-13T14:31:50.618515
================================================================================
[2026-08-13 14:31:50] [STARTUP   ] [INFO   ] LiveLog system initialized
[2026-08-13 14:31:50] [STARTUP   ] [INFO   ] Log file: D:\ZEMmacOS\logs\ZEMmacOS_live_2026-08-13_14-31-50.log
[2026-08-13 14:31:50] [STARTUP   ] [INFO   ] Application started
[2026-08-13 14:31:50] [STARTUP   ] [INFO   ] Configuration loaded
[2026-08-13 14:31:50] [STARTUP   ] [INFO   ] Theme loaded
[2026-08-13 14:31:50] [STARTUP   ] [INFO   ] Starting SDK initialization sequence
[2026-08-13 14:31:50] [SDK       ] [INFO   ] Initializing license engine
[2026-08-13 14:31:50] [UI        ] [INFO   ] UI locked
[2026-08-13 14:31:50] [SDK       ] [INFO   ] Loading SDK config
[2026-08-13 14:31:51] [SDK       ] [INFO   ] Detecting hardware
[2026-08-13 14:31:51] [SDK       ] [INFO   ] Running decision engine
[2026-08-13 14:31:52] [SDK       ] [INFO   ] Decision engine result: no_license
[2026-08-13 14:31:52] [SDK       ] [INFO   ] State: no_license — showing Universal License Center
[2026-08-13 14:31:52] [SDK       ] [INFO   ] Opening Universal License Center
[2026-08-13 14:31:52] [SDK       ] [INFO   ] ulc.opened | Universal License Center opened.
[2026-08-13 14:31:52] [SDK       ] [INFO   ] [SDK] [INFO] Using pre-initialised status: no_license
[2026-08-13 14:31:52] [SDK       ] [INFO   ] Using pre-initialised status: no_license
[2026-08-13 14:31:52] [SDK       ] [INFO   ] ULC using status | Status: no_license
[2026-08-13 14:31:52] [SDK       ] [INFO   ] [SDK] [INFO] Opening Universal License Center | Status: no_license, trial_consumed=False
[2026-08-13 14:31:52] [SDK       ] [INFO   ] Opening Universal License Center | Status: no_license, trial_consumed=False
[2026-08-13 14:31:52] [SDK       ] [INFO   ] Opening Universal License Center | Status: no_license, trial_consumed=False
[2026-08-13 14:31:52] [SDK       ] [INFO   ] Opening Universal License Center | Status: no_license, trial_consumed=False
[2026-08-13 14:31:55] [SDK       ] [INFO   ] Activation started | Opening pre-activation dialog
[2026-08-13 14:31:56] [SDK       ] [INFO   ] Opening buy portal | https://www.websmithdigital.com/internal/api/buy
[2026-08-13 14:32:16] [SDK       ] [INFO   ] Opening renew portal | https://www.websmithdigital.com/internal/api/renew
[2026-08-13 14:33:38] [SDK       ] [INFO   ] ULC closed | Application locked - exiting process
[2026-08-13 14:33:38] [SDK       ] [WARNING] ULC closed without resolving license — exiting
[2026-08-13 14:33:38] [STARTUP   ] [WARNING] Application shutdown due to incomplete license flow
[2026-08-13 14:33:38] [STARTUP   ] [INFO   ] LiveLog system stopped
