ZEMmacOS Live Log - Started 2026-08-14T08:46:55.589514
================================================================================
[2026-08-14 08:46:55] [STARTUP   ] [INFO   ] LiveLog system initialized
[2026-08-14 08:46:55] [STARTUP   ] [INFO   ] Log file: D:\ZEMmacOS\logs\ZEMmacOS_live_2026-08-14_08-46-55.log
[2026-08-14 08:46:55] [STARTUP   ] [INFO   ] Application started
[2026-08-14 08:46:55] [STARTUP   ] [INFO   ] Configuration loaded
[2026-08-14 08:46:55] [STARTUP   ] [INFO   ] Theme loaded
[2026-08-14 08:46:55] [STARTUP   ] [INFO   ] Starting SDK initialization sequence
[2026-08-14 08:46:55] [SDK       ] [INFO   ] Initializing license engine
[2026-08-14 08:46:55] [UI        ] [INFO   ] UI locked
[2026-08-14 08:46:55] [SDK       ] [INFO   ] Loading SDK config
[2026-08-14 08:46:55] [SDK       ] [INFO   ] Detecting hardware
[2026-08-14 08:46:55] [SDK       ] [INFO   ] Running decision engine
[2026-08-14 08:47:06] [SDK       ] [INFO   ] Decision engine result: no_license
[2026-08-14 08:47:06] [SDK       ] [INFO   ] State: no_license — showing Universal License Center
[2026-08-14 08:47:06] [SDK       ] [INFO   ] Opening Universal License Center
[2026-08-14 08:47:06] [SDK       ] [INFO   ] ulc.opened | Universal License Center opened.
[2026-08-14 08:47:06] [SDK       ] [INFO   ] [SDK] [INFO] Using pre-initialised status: no_license
[2026-08-14 08:47:06] [SDK       ] [INFO   ] Using pre-initialised status: no_license
[2026-08-14 08:47:06] [SDK       ] [INFO   ] ULC using status | Status: no_license
[2026-08-14 08:47:06] [SDK       ] [INFO   ] [SDK] [INFO] Opening Universal License Center | Status: no_license, trial_consumed=False
[2026-08-14 08:47:06] [SDK       ] [INFO   ] Opening Universal License Center | Status: no_license, trial_consumed=False
[2026-08-14 08:47:06] [SDK       ] [INFO   ] Opening Universal License Center | Status: no_license, trial_consumed=False
[2026-08-14 08:47:06] [SDK       ] [INFO   ] Opening Universal License Center | Status: no_license, trial_consumed=False
[2026-08-14 08:47:08] [SDK       ] [INFO   ] Activation started | Opening pre-activation dialog
[2026-08-14 08:47:15] [SDK       ] [INFO   ] Opening sales enquiry | Showing sales dialog
[2026-08-14 08:47:58] [SDK       ] [INFO   ] ULC closed | Application locked - exiting process
[2026-08-14 08:47:58] [SDK       ] [WARNING] ULC closed without resolving license — exiting
[2026-08-14 08:47:58] [STARTUP   ] [WARNING] Application shutdown due to incomplete license flow
[2026-08-14 08:47:58] [STARTUP   ] [INFO   ] LiveLog system stopped
