2026-08-03 06:58:28 | INFO     | ============================================================
2026-08-03 06:58:28 | INFO     | ZEMmacOS Application Started
2026-08-03 06:58:28 | INFO     | Log file: D:\ZEMmacOS\logs\ZEMmacOS_2026-08-03_06-58-28.log
2026-08-03 06:58:28 | INFO     | ============================================================
2026-08-03 06:58:29 | INFO     | [SDK] Initializing license engine
2026-08-03 06:58:29 | INFO     | [UI] UI locked
2026-08-03 06:58:30 | INFO     | [SDK] Opening Universal License Center
2026-08-03 06:58:30 | INFO     | [SDK] [SDK] [INFO] License Center started
2026-08-03 06:58:30 | INFO     | [SDK] License Center started
2026-08-03 06:58:30 | INFO     | [SDK] License Center started
2026-08-03 06:58:30 | INFO     | [SDK] [SDK] [INFO] Using pre-initialised status: inactive
2026-08-03 06:58:30 | INFO     | [SDK] Using pre-initialised status: inactive
2026-08-03 06:58:30 | INFO     | [SDK] ULC using status
2026-08-03 06:58:30 | INFO     | [SDK] [SDK] [INFO] Opening Universal License Center
2026-08-03 06:58:30 | INFO     | [SDK] Opening Universal License Center
2026-08-03 06:58:30 | INFO     | [SDK] Opening Universal License Center
2026-08-03 06:58:30 | INFO     | [SDK] Opening Universal License Center
2026-08-03 06:58:50 | INFO     | [SDK] ULC closed
2026-08-03 06:58:50 | WARNING  | [SDK] ULC closed without resolving license — exiting
2026-08-03 06:58:50 | ERROR    | License flow incomplete — shutting down
2026-08-03 06:58:50 | INFO     | Logger stopped
