ZEMmacOS Live Log - Started 2026-08-18T14:57:50.880289
================================================================================
[2026-08-18 14:57:50] [STARTUP   ] [INFO   ] LiveLog system initialized
[2026-08-18 14:57:50] [STARTUP   ] [INFO   ] Log file: D:\ZEMmacOS\logs\ZEMmacOS_live_2026-08-18_14-57-50.log
[2026-08-18 14:57:50] [STARTUP   ] [INFO   ] Application started
[2026-08-18 14:57:50] [STARTUP   ] [INFO   ] Configuration loaded
[2026-08-18 14:57:50] [STARTUP   ] [INFO   ] Theme loaded
[2026-08-18 14:57:50] [STARTUP   ] [INFO   ] Starting SDK initialization sequence
[2026-08-18 14:57:51] [SDK       ] [INFO   ] Initializing license engine
[2026-08-18 14:57:51] [UI        ] [INFO   ] UI locked
[2026-08-18 14:57:51] [SDK       ] [INFO   ] Loading SDK config
[2026-08-18 14:57:51] [SDK       ] [INFO   ] Detecting hardware
[2026-08-18 14:57:51] [SDK       ] [INFO   ] Running decision engine
[2026-08-18 14:57:52] [SDK       ] [INFO   ] Decision engine result: no_license
[2026-08-18 14:57:52] [SDK       ] [INFO   ] State: no_license — showing Universal License Center
[2026-08-18 14:57:52] [SDK       ] [INFO   ] Opening Universal License Center
[2026-08-18 14:57:52] [SDK       ] [INFO   ] ulc.opened | Universal License Center opened.
[2026-08-18 14:57:52] [SDK       ] [INFO   ] [SDK] [INFO] Using pre-initialised status: no_license
[2026-08-18 14:57:52] [SDK       ] [INFO   ] Using pre-initialised status: no_license
[2026-08-18 14:57:53] [SDK       ] [INFO   ] ULC using status | Status: no_license
[2026-08-18 14:57:53] [SDK       ] [INFO   ] [SDK] [INFO] Opening Universal License Center | Status: no_license, trial_consumed=False
[2026-08-18 14:57:53] [SDK       ] [INFO   ] Opening Universal License Center | Status: no_license, trial_consumed=False
[2026-08-18 14:57:53] [SDK       ] [INFO   ] Opening Universal License Center | Status: no_license, trial_consumed=False
[2026-08-18 14:57:53] [SDK       ] [INFO   ] Opening Universal License Center | Status: no_license, trial_consumed=False
[2026-08-18 14:57:55] [SDK       ] [INFO   ] Opening sales enquiry | Showing sales dialog
[2026-08-18 14:58:22] [SDK       ] [INFO   ] Sending sales request | Category: sales
[2026-08-18 14:58:23] [SDK       ] [INFO   ] sales request sent | Conversation: CONV-MSYGMU68-T5IV
[2026-08-18 14:58:27] [SDK       ] [INFO   ] Opening support request | Showing support dialog
[2026-08-18 14:59:02] [SDK       ] [INFO   ] Sending support request | Category: support
[2026-08-18 14:59:04] [SDK       ] [INFO   ] [ATTACHMENT] [WARNING] Attachment API.txt upload failed
[2026-08-18 14:59:04] [SDK       ] [INFO   ] [ATTACHMENT] [WARNING] Attachment API.txt upload failed
[2026-08-18 14:59:04] [ATTACHMENT] [WARNING] Attachment API.txt upload failed
[2026-08-18 14:59:04] [SDK       ] [INFO   ] support request sent | Conversation: CONV-MSYGNORD-SELO
[2026-08-18 15:01:42] [SDK       ] [INFO   ] ULC closed | Application locked - exiting process
[2026-08-18 15:01:42] [SDK       ] [WARNING] ULC closed without resolving license — exiting
[2026-08-18 15:01:42] [STARTUP   ] [WARNING] Application shutdown due to incomplete license flow
[2026-08-18 15:01:42] [STARTUP   ] [INFO   ] LiveLog system stopped
