2026-08-13 14:31:50 | INFO     | ============================================================
2026-08-13 14:31:50 | INFO     | ZEMmacOS Application Started
2026-08-13 14:31:50 | INFO     | Log file: D:\ZEMmacOS\logs\ZEMmacOS_2026-08-13_14-31-50.log
2026-08-13 14:31:50 | INFO     | ============================================================
2026-08-13 14:31:50 | INFO     | [SDK] Initializing license engine
2026-08-13 14:31:50 | INFO     | [UI] UI locked
2026-08-13 14:31:52 | INFO     | [SDK] Opening Universal License Center
2026-08-13 14:31:52 | INFO     | [SDK] ulc.opened
2026-08-13 14:31:52 | INFO     | [SDK] [SDK] [INFO] Using pre-initialised status: no_license
2026-08-13 14:31:52 | INFO     | [SDK] Using pre-initialised status: no_license
2026-08-13 14:31:52 | INFO     | [SDK] ULC using status
2026-08-13 14:31:52 | INFO     | [SDK] [SDK] [INFO] Opening Universal License Center
2026-08-13 14:31:52 | INFO     | [SDK] Opening Universal License Center
2026-08-13 14:31:52 | INFO     | [SDK] Opening Universal License Center
2026-08-13 14:31:52 | INFO     | [SDK] Opening Universal License Center
2026-08-13 14:31:55 | INFO     | [SDK] Activation started
2026-08-13 14:31:56 | INFO     | [SDK] Opening buy portal
2026-08-13 14:32:16 | INFO     | [SDK] Opening renew portal
2026-08-13 14:33:38 | INFO     | [SDK] ULC closed
2026-08-13 14:33:38 | WARNING  | [SDK] ULC closed without resolving license — exiting
2026-08-13 14:33:38 | ERROR    | License flow incomplete — shutting down
2026-08-13 14:33:38 | INFO     | Logger stopped
