2026-08-18 14:57:20 | INFO     | ============================================================
2026-08-18 14:57:20 | INFO     | ZEMmacOS Application Started
2026-08-18 14:57:20 | INFO     | Log file: D:\ZEMmacOS\logs\ZEMmacOS_2026-08-18_14-57-20.log
2026-08-18 14:57:20 | INFO     | ============================================================
2026-08-18 14:57:20 | INFO     | [SDK] Initializing license engine
2026-08-18 14:57:20 | INFO     | [UI] UI locked
2026-08-18 14:57:22 | INFO     | [SDK] Opening Universal License Center
2026-08-18 14:57:22 | INFO     | [SDK] ulc.opened
2026-08-18 14:57:22 | INFO     | [SDK] [SDK] [INFO] Using pre-initialised status: no_license
2026-08-18 14:57:22 | INFO     | [SDK] Using pre-initialised status: no_license
2026-08-18 14:57:22 | INFO     | [SDK] ULC using status
2026-08-18 14:57:22 | INFO     | [SDK] [SDK] [INFO] Opening Universal License Center
2026-08-18 14:57:22 | INFO     | [SDK] Opening Universal License Center
2026-08-18 14:57:22 | INFO     | [SDK] Opening Universal License Center
2026-08-18 14:57:22 | INFO     | [SDK] Opening Universal License Center
2026-08-18 14:57:26 | INFO     | [SDK] trial.flow.start
2026-08-18 14:57:26 | INFO     | [SDK] Opening Welcome Dialog
2026-08-18 14:57:26 | INFO     | [SDK] [WELCOME] [INFO] Opening Welcome Dialog
2026-08-18 14:57:26 | INFO     | [WELCOME] Opening Welcome Dialog
2026-08-18 14:57:29 | INFO     | [SDK] trial.flow.closed
2026-08-18 14:57:29 | INFO     | [SDK] ULC closed
2026-08-18 14:57:29 | WARNING  | [SDK] ULC closed without resolving license — exiting
2026-08-18 14:57:29 | ERROR    | License flow incomplete — shutting down
