2026-08-03 03:24:20 | INFO     | ============================================================
2026-08-03 03:24:20 | INFO     | ZEMmacOS Application Started
2026-08-03 03:24:20 | INFO     | Log file: D:\ZEMmacOS\logs\ZEMmacOS_2026-08-03_03-24-20.log
2026-08-03 03:24:20 | INFO     | ============================================================
2026-08-03 03:24:20 | INFO     | [SDK] Initializing license engine
2026-08-03 03:24:20 | INFO     | [UI] UI locked
2026-08-03 03:24:21 | INFO     | [SDK] Opening Universal License Center
2026-08-03 03:24:21 | INFO     | [SDK] [SDK] [INFO] License Center started
2026-08-03 03:24:21 | INFO     | [SDK] License Center started
2026-08-03 03:24:21 | INFO     | [SDK] License Center started
2026-08-03 03:24:21 | INFO     | [SDK] [SDK] [INFO] Using pre-initialised status: inactive
2026-08-03 03:24:21 | INFO     | [SDK] Using pre-initialised status: inactive
2026-08-03 03:24:21 | INFO     | [SDK] ULC using status
2026-08-03 03:24:21 | INFO     | [SDK] [SDK] [INFO] Opening Universal License Center
2026-08-03 03:24:21 | INFO     | [SDK] Opening Universal License Center
2026-08-03 03:24:21 | INFO     | [SDK] Opening Universal License Center
2026-08-03 03:24:21 | INFO     | [SDK] Opening Universal License Center
2026-08-03 03:24:31 | INFO     | [SDK] Opening support request
2026-08-03 03:24:56 | INFO     | [SDK] ULC closed
2026-08-03 03:24:56 | WARNING  | [SDK] ULC closed without resolving license — exiting
2026-08-03 03:24:56 | ERROR    | License flow incomplete — shutting down
2026-08-03 03:24:56 | INFO     | Logger stopped
