ZEMmacOS Live Log - Started 2026-08-18T15:05:28.112128
================================================================================
[2026-08-18 15:05:28] [STARTUP   ] [INFO   ] LiveLog system initialized
[2026-08-18 15:05:28] [STARTUP   ] [INFO   ] Log file: D:\ZEMmacOS\logs\ZEMmacOS_live_2026-08-18_15-05-28.log
[2026-08-18 15:05:28] [STARTUP   ] [INFO   ] Application started
[2026-08-18 15:05:28] [STARTUP   ] [INFO   ] Configuration loaded
[2026-08-18 15:05:28] [STARTUP   ] [INFO   ] Theme loaded
[2026-08-18 15:05:28] [STARTUP   ] [INFO   ] Starting SDK initialization sequence
[2026-08-18 15:05:28] [SDK       ] [INFO   ] Initializing license engine
[2026-08-18 15:05:28] [UI        ] [INFO   ] UI locked
[2026-08-18 15:05:28] [SDK       ] [INFO   ] Loading SDK config
[2026-08-18 15:05:28] [SDK       ] [INFO   ] Detecting hardware
[2026-08-18 15:05:28] [SDK       ] [INFO   ] Running decision engine
[2026-08-18 15:05:29] [SDK       ] [INFO   ] Decision engine result: no_license
[2026-08-18 15:05:29] [SDK       ] [INFO   ] State: no_license — showing Universal License Center
[2026-08-18 15:05:29] [SDK       ] [INFO   ] Opening Universal License Center
[2026-08-18 15:05:29] [SDK       ] [INFO   ] ulc.opened | Universal License Center opened.
[2026-08-18 15:05:29] [SDK       ] [INFO   ] [SDK] [INFO] Using pre-initialised status: no_license
[2026-08-18 15:05:29] [SDK       ] [INFO   ] Using pre-initialised status: no_license
[2026-08-18 15:05:29] [SDK       ] [INFO   ] ULC using status | Status: no_license
[2026-08-18 15:05:29] [SDK       ] [INFO   ] [SDK] [INFO] Opening Universal License Center | Status: no_license, trial_consumed=False
[2026-08-18 15:05:29] [SDK       ] [INFO   ] Opening Universal License Center | Status: no_license, trial_consumed=False
[2026-08-18 15:05:29] [SDK       ] [INFO   ] Opening Universal License Center | Status: no_license, trial_consumed=False
[2026-08-18 15:05:29] [SDK       ] [INFO   ] Opening Universal License Center | Status: no_license, trial_consumed=False
[2026-08-18 15:05:31] [SDK       ] [INFO   ] Opening sales enquiry | Showing sales dialog
[2026-08-18 15:06:01] [SDK       ] [INFO   ] Sending sales request | Category: sales
[2026-08-18 15:06:03] [SDK       ] [INFO   ] [ATTACHMENT] [WARNING] Attachment API Tables.txt upload failed
[2026-08-18 15:06:03] [SDK       ] [INFO   ] [ATTACHMENT] [WARNING] Attachment API Tables.txt upload failed
[2026-08-18 15:06:03] [ATTACHMENT] [WARNING] Attachment API Tables.txt upload failed
[2026-08-18 15:06:03] [SDK       ] [INFO   ] sales request sent | Conversation: CONV-MSYGWO8G-HEOT
[2026-08-18 15:06:06] [SDK       ] [INFO   ] Opening support request | Showing support dialog
[2026-08-18 15:06:34] [SDK       ] [INFO   ] Sending support request | Category: support
[2026-08-18 15:06:36] [SDK       ] [INFO   ] [ATTACHMENT] [WARNING] Attachment API.txt upload failed
[2026-08-18 15:06:36] [SDK       ] [INFO   ] [ATTACHMENT] [WARNING] Attachment API.txt upload failed
[2026-08-18 15:06:36] [ATTACHMENT] [WARNING] Attachment API.txt upload failed
[2026-08-18 15:06:36] [SDK       ] [INFO   ] support request sent | Conversation: CONV-MSYGXDS5-F5Z9
[2026-08-18 15:07:04] [SDK       ] [INFO   ] ULC closed | Application locked - exiting process
[2026-08-18 15:07:04] [SDK       ] [WARNING] ULC closed without resolving license — exiting
[2026-08-18 15:07:04] [STARTUP   ] [WARNING] Application shutdown due to incomplete license flow
[2026-08-18 15:07:04] [STARTUP   ] [INFO   ] LiveLog system stopped
