ZEMmacOS Live Log - Started 2026-08-05T09:27:16.355014
================================================================================
[2026-08-05 09:27:16] [STARTUP   ] [INFO   ] LiveLog system initialized
[2026-08-05 09:27:16] [STARTUP   ] [INFO   ] Log file: D:\ZEMmacOS\logs\ZEMmacOS_live_2026-08-05_09-27-16.log
[2026-08-05 09:27:16] [STARTUP   ] [INFO   ] Application started
[2026-08-05 09:27:16] [STARTUP   ] [INFO   ] Configuration loaded
[2026-08-05 09:27:16] [STARTUP   ] [INFO   ] Theme loaded
[2026-08-05 09:27:16] [STARTUP   ] [INFO   ] Starting SDK initialization sequence
[2026-08-05 09:27:16] [SDK       ] [INFO   ] Initializing license engine
[2026-08-05 09:27:16] [UI        ] [INFO   ] UI locked
[2026-08-05 09:27:16] [SDK       ] [INFO   ] Loading SDK config
[2026-08-05 09:27:16] [SDK       ] [INFO   ] Detecting hardware
[2026-08-05 09:27:16] [SDK       ] [INFO   ] Running decision engine
[2026-08-05 09:27:20] [SDK       ] [INFO   ] Decision engine result: inactive
[2026-08-05 09:27:20] [SDK       ] [INFO   ] State: inactive — showing Universal License Center
[2026-08-05 09:27:20] [SDK       ] [INFO   ] Opening Universal License Center
[2026-08-05 09:27:20] [SDK       ] [INFO   ] [SDK] [INFO] License Center started | Application lock engaged
[2026-08-05 09:27:20] [SDK       ] [INFO   ] License Center started | Application lock engaged
[2026-08-05 09:27:20] [SDK       ] [INFO   ] License Center started | Application lock engaged
[2026-08-05 09:27:20] [SDK       ] [INFO   ] [SDK] [INFO] Using pre-initialised status: inactive
[2026-08-05 09:27:20] [SDK       ] [INFO   ] Using pre-initialised status: inactive
[2026-08-05 09:27:20] [SDK       ] [INFO   ] ULC using status | Status: inactive
[2026-08-05 09:27:20] [SDK       ] [INFO   ] [SDK] [INFO] Opening Universal License Center | Status: inactive, trial_consumed=True
[2026-08-05 09:27:20] [SDK       ] [INFO   ] Opening Universal License Center | Status: inactive, trial_consumed=True
[2026-08-05 09:27:20] [SDK       ] [INFO   ] Opening Universal License Center | Status: inactive, trial_consumed=True
[2026-08-05 09:27:20] [SDK       ] [INFO   ] Opening Universal License Center | Status: inactive, trial_consumed=True
[2026-08-05 09:27:29] [SDK       ] [INFO   ] ULC closed | Application locked - exiting process
[2026-08-05 09:27:29] [SDK       ] [WARNING] ULC closed without resolving license — exiting
[2026-08-05 09:27:29] [STARTUP   ] [WARNING] Application shutdown due to incomplete license flow
[2026-08-05 09:27:29] [STARTUP   ] [INFO   ] LiveLog system stopped
